#-----------------------------------------------------------
# Webtalk v2018.2 (64-bit)
# SW Build 2258646 on Thu Jun 14 20:03:12 MDT 2018
# IP Build 2256618 on Thu Jun 14 22:10:49 MDT 2018
# Start of session at: Sat May 27 15:38:18 2023
# Process ID: 17748
# Current directory: C:/Xilinx/Vivado/2018.2/layouts/workspace/6th_exercise/6th_exercise.sim/sim_1/behav/xsim
# Command line: wbtcv.exe -mode batch -source C:/Xilinx/Vivado/2018.2/layouts/workspace/6th_exercise/6th_exercise.sim/sim_1/behav/xsim/xsim.dir/sim_debayering_behav/webtalk/xsim_webtalk.tcl -notrace
# Log file: C:/Xilinx/Vivado/2018.2/layouts/workspace/6th_exercise/6th_exercise.sim/sim_1/behav/xsim/webtalk.log
# Journal file: C:/Xilinx/Vivado/2018.2/layouts/workspace/6th_exercise/6th_exercise.sim/sim_1/behav/xsim\webtalk.jou
#-----------------------------------------------------------
source C:/Xilinx/Vivado/2018.2/layouts/workspace/6th_exercise/6th_exercise.sim/sim_1/behav/xsim/xsim.dir/sim_debayering_behav/webtalk/xsim_webtalk.tcl -notrace
